
> prj-itss-sun@0.0.0 build
> vite build

[36mvite v8.0.10 [32mbuilding client environment for production...[36m[39m
[2K
transforming...Γ£ô 280 modules transformed.
npm : [31mΓ£ù[39m Build failed in 113ms
At line:1 char:1
+ npm run build > build_output.txt 2>&1
+ ~~~~~~~~~~~~~~~~~~~~~~~~~~~~~~~~~~~~~
    + CategoryInfo          : NotSpecified: ([31mΓ£ù[39m Build failed in 113ms:String) [], RemoteException
    + FullyQualifiedErrorId : NativeCommandError
 
[31merror during build:
[31mBuild failed with 2 errors:

[31m[builtin:vite-transform] Error:[0m Invalid Unicode escape sequence
    [38;5;246mΓò¡[0m[38;5;246mΓöÇ[0m[38;5;246m[[0m src/services/geminiSlideService.js:40:33 [38;5;246m][0m
    [38;5;246mΓöé[0m
 [38;5;246m40 Γöé[0m [38;5;249m [0m[38;5;249m 
[0m[38;5;249mc[0m[38;5;249mo[0m[38;5;249mn[0m[38;5;249ms[0m[38;5;249mt[0m[38;5;249m [0m[38;5;249mr[0m[3
8;5;249me[0m[38;5;249ms[0m[38;5;249mp[0m[38;5;249mo[0m[38;5;249mn[0m[38;5;249ms[0m[38;5;249me[0m[38;5;249
m [0m[38;5;249m=[0m[38;5;249m 
[0m[38;5;249ma[0m[38;5;249mw[0m[38;5;249ma[0m[38;5;249mi[0m[38;5;249mt[0m[38;5;249m [0m[38;5;249mf[0m[3
8;5;249me[0m[38;5;249mt[0m[38;5;249mc[0m[38;5;249mh[0m[38;5;249m([0m[38;5;249m\[0m`[38;5;249m\[0m[38;5;24
9m$[0m[38;5;249m{[0m[38;5;249mG[0m[38;5;249mE[0m[38;5;249mM[0m[38;5;249mI[0m[38;5;249mN[0m[38;5;249mI[0m
[38;5;249m_[0m[38;5;249mA[0m[38;5;249mP[0m[38;5;249mI[0m[38;5;249m_[0m[38;5;249mB[0m[38;5;249mA[0m[38;5;
249mS[0m[38;5;249mE[0m[38;5;249m}[0m[38;5;249m/[0m[38;5;249mm[0m[38;5;249mo[0m[38;5;249md[0m[38;5;249me[
0m[38;5;249ml[0m[38;5;249ms[0m[38;5;249m/[0m[38;5;249m\[0m[38;5;249m$[0m[38;5;249m{[0m[38;5;249me[0m[38;
5;249mn[0m[38;5;249mc[0m[38;5;249mo[0m[38;5;249md[0m[38;5;249me[0m[38;5;249mU[0m[38;5;249mR[0m[38;5;249mI
[0m[38;5;249mC[0m[38;5;249mo[0m[38;5;249mm[0m[38;5;249mp[0m[38;5;249mo[0m[38;5;249mn[0m[38;5;249me[0m[3
8;5;249mn[0m[38;5;249mt[0m[38;5;249m([0m[38;5;249mm[0m[38;5;249mo[0m[38;5;249md[0m[38;5;249me[0m[38;5;249
ml[0m[38;5;249m)[0m[38;5;249m}[0m[38;5;249m:[0m[38;5;249mg[0m[38;5;249me[0m[38;5;249mn[0m[38;5;249me[0m
[38;5;249mr[0m[38;5;249ma[0m[38;5;249mt[0m[38;5;249me[0m[38;5;249mC[0m[38;5;249mo[0m[38;5;249mn[0m[38;5;2
49mt[0m[38;5;249me[0m[38;5;249mn[0m[38;5;249mt[0m[38;5;249m\[0m[38;5;249m`[0m[38;5;249m,[0m[38;5;249m 
[0m[38;5;249m{[0m
 [38;5;240m   Γöé[0m                                 Γö¼  
 [38;5;240m   Γöé[0m                                 Γò░ΓöÇΓöÇ 
[38;5;246mΓöÇΓöÇΓöÇΓöÇΓò»[0m

[31m[builtin:vite-transform] Error:[0m Invalid Unicode escape sequence
    [38;5;246mΓò¡[0m[38;5;246mΓöÇ[0m[38;5;246m[[0m src/services/geminiSlideService.js:40:35 [38;5;246m][0m
    [38;5;246mΓöé[0m
 [38;5;246m40 Γöé[0m [38;5;249m [0m[38;5;249m 
[0m[38;5;249mc[0m[38;5;249mo[0m[38;5;249mn[0m[38;5;249ms[0m[38;5;249mt[0m[38;5;249m [0m[38;5;249mr[0m[3
8;5;249me[0m[38;5;249ms[0m[38;5;249mp[0m[38;5;249mo[0m[38;5;249mn[0m[38;5;249ms[0m[38;5;249me[0m[38;5;249
m [0m[38;5;249m=[0m[38;5;249m 
[0m[38;5;249ma[0m[38;5;249mw[0m[38;5;249ma[0m[38;5;249mi[0m[38;5;249mt[0m[38;5;249m [0m[38;5;249mf[0m[3
8;5;249me[0m[38;5;249mt[0m[38;5;249mc[0m[38;5;249mh[0m[38;5;249m([0m[38;5;249m\[0m[38;5;249m`[0m[38;5;249
m\[0m$[38;5;249m{[0m[38;5;249mG[0m[38;5;249mE[0m[38;5;249mM[0m[38;5;249mI[0m[38;5;249mN[0m[38;5;249mI[0m
[38;5;249m_[0m[38;5;249mA[0m[38;5;249mP[0m[38;5;249mI[0m[38;5;249m_[0m[38;5;249mB[0m[38;5;249mA[0m[38;5;
249mS[0m[38;5;249mE[0m[38;5;249m}[0m[38;5;249m/[0m[38;5;249mm[0m[38;5;249mo[0m[38;5;249md[0m[38;5;249me[
0m[38;5;249ml[0m[38;5;249ms[0m[38;5;249m/[0m[38;5;249m\[0m[38;5;249m$[0m[38;5;249m{[0m[38;5;249me[0m[38;
5;249mn[0m[38;5;249mc[0m[38;5;249mo[0m[38;5;249md[0m[38;5;249me[0m[38;5;249mU[0m[38;5;249mR[0m[38;5;249mI
[0m[38;5;249mC[0m[38;5;249mo[0m[38;5;249mm[0m[38;5;249mp[0m[38;5;249mo[0m[38;5;249mn[0m[38;5;249me[0m[3
8;5;249mn[0m[38;5;249mt[0m[38;5;249m([0m[38;5;249mm[0m[38;5;249mo[0m[38;5;249md[0m[38;5;249me[0m[38;5;249
ml[0m[38;5;249m)[0m[38;5;249m}[0m[38;5;249m:[0m[38;5;249mg[0m[38;5;249me[0m[38;5;249mn[0m[38;5;249me[0m
[38;5;249mr[0m[38;5;249ma[0m[38;5;249mt[0m[38;5;249me[0m[38;5;249mC[0m[38;5;249mo[0m[38;5;249mn[0m[38;5;2
49mt[0m[38;5;249me[0m[38;5;249mn[0m[38;5;249mt[0m[38;5;249m\[0m[38;5;249m`[0m[38;5;249m,[0m[38;5;249m 
[0m[38;5;249m{[0m
 [38;5;240m   Γöé[0m                                   Γö¼  
 [38;5;240m   Γöé[0m                                   Γò░ΓöÇΓöÇ 
[38;5;246mΓöÇΓöÇΓöÇΓöÇΓò»[0m
[31m
    at aggregateBindingErrorsIntoJsError 
(file:///D:/clone/prj_itss_Sun/node_modules/rolldown/dist/shared/error-DL-e8-oE.mjs:48:18)
    at unwrapBindingResult (file:///D:/clone/prj_itss_Sun/node_modules/rolldown/dist/shared/error-DL-e8-oE.mjs:18:128)
    at #build (file:///D:/clone/prj_itss_Sun/node_modules/rolldown/dist/shared/rolldown-build-DSxL8qiP.mjs:3317:34)
    at async buildEnvironment (file:///D:/clone/prj_itss_Sun/node_modules/vite/dist/node/chunks/node.js:33018:64)
    at async Object.build (file:///D:/clone/prj_itss_Sun/node_modules/vite/dist/node/chunks/node.js:33440:19)
    at async Object.buildApp (file:///D:/clone/prj_itss_Sun/node_modules/vite/dist/node/chunks/node.js:33437:153)
    at async CAC.<anonymous> (file:///D:/clone/prj_itss_Sun/node_modules/vite/dist/node/cli.js:778:3) {
  errors: [Getter/Setter]
}[39m
